// Vitest Snapshot v1, https://vitest.dev/guide/snapshot.html

exports[`Shop page > renders shop 1`] = `
<div>
  <h1>
    ...Loading items
  </h1>
</div>
`;
